src/services/invoice.service.ts(262,5): error TS2322: Type '{ invoice: Invoice; transaction: { id: string; code: string | null; }; partner: { id: string; code: string; name: string; is_new: boolean; } | undefined; }' is not assignable to type '{ invoice: Invoice; transaction?: { id: string; code: string; } | undefined; partner?: { id: string; code: string; name: string; is_new: boolean; } | undefined; }'.
  The types of 'transaction.code' are incompatible between these types.
    Type 'string | null' is not assignable to type 'string'.
      Type 'null' is not assignable to type 'string'.
src/services/invoice.service.ts(305,13): error TS2322: Type '{ farm_id: string; code: string; trans_type: "EXPENSE"; trans_date: Date; partner_id: string | null; subtotal: number; tax_amount: number; discount_amount: number; total_amount: number; ... 5 more ...; items: { ...; }; }' is not assignable to type '(Without<TransactionCreateInput, TransactionUncheckedCreateInput> & TransactionUncheckedCreateInput) | (Without<...> & TransactionCreateInput)'.
  Type '{ farm_id: string; code: string; trans_type: "EXPENSE"; trans_date: Date; partner_id: string | null; subtotal: number; tax_amount: number; discount_amount: number; total_amount: number; ... 5 more ...; items: { ...; }; }' is not assignable to type 'Without<TransactionCreateInput, TransactionUncheckedCreateInput> & TransactionUncheckedCreateInput'.
    Type '{ farm_id: string; code: string; trans_type: "EXPENSE"; trans_date: Date; partner_id: string | null; subtotal: number; tax_amount: number; discount_amount: number; total_amount: number; ... 5 more ...; items: { ...; }; }' is missing the following properties from type 'TransactionUncheckedCreateInput': trans_number, amount
src/services/payable.service.ts(77,5): error TS2322: Type '{ transaction_id: string; code: string | null; trans_date: string; total_amount: number; paid_amount: number; remaining: number; due_date: string; overdue_days: number; }[]' is not assignable to type 'UnpaidInvoice[]'.
  Type '{ transaction_id: string; code: string | null; trans_date: string; total_amount: number; paid_amount: number; remaining: number; due_date: string; overdue_days: number; }' is not assignable to type 'UnpaidInvoice'.
    Types of property 'code' are incompatible.
      Type 'string | null' is not assignable to type 'string'.
        Type 'null' is not assignable to type 'string'.
src/services/payable.service.ts(184,15): error TS2322: Type '{ transaction_id: string; code: string | null; trans_date: string; total_amount: number; paid_amount: number; remaining: number; due_date: string; overdue_days: number; }[]' is not assignable to type 'UnpaidInvoice[]'.
  Type '{ transaction_id: string; code: string | null; trans_date: string; total_amount: number; paid_amount: number; remaining: number; due_date: string; overdue_days: number; }' is not assignable to type 'UnpaidInvoice'.
    Types of property 'code' are incompatible.
      Type 'string | null' is not assignable to type 'string'.
        Type 'null' is not assignable to type 'string'.
src/services/payroll.service.ts(398,13): error TS2322: Type '{ farm_id: string; code: string; trans_type: "EXPENSE"; trans_date: Date; total_amount: number; paid_amount: number; payment_status: "PENDING"; payment_method: "BANK_TRANSFER"; description: string; items: { ...; }; }' is not assignable to type 'Exact<(Without<TransactionCreateInput, TransactionUncheckedCreateInput> & TransactionUncheckedCreateInput) | (Without<...> & TransactionCreateInput), (Without<...> & TransactionUncheckedCreateInput) | (Without<...> & TransactionCreateInput)>'.
  Type '{ farm_id: string; code: string; trans_type: "EXPENSE"; trans_date: Date; total_amount: number; paid_amount: number; payment_status: "PENDING"; payment_method: "BANK_TRANSFER"; description: string; items: { ...; }; }' is not assignable to type '(Without<TransactionCreateInput, TransactionUncheckedCreateInput> & TransactionUncheckedCreateInput) | { ...; }'.
    Type '{ farm_id: string; code: string; trans_type: "EXPENSE"; trans_date: Date; total_amount: number; paid_amount: number; payment_status: "PENDING"; payment_method: "BANK_TRANSFER"; description: string; items: { ...; }; }' is missing the following properties from type '{ farm?: undefined; partner?: undefined; id?: Exact<string | undefined, string | undefined>; farm_id: string; trans_number: string; code?: Exact<string | null | undefined, string | null | undefined>; ... 31 more ...; payment_allocations?: Exact<...>; }': trans_number, amount
src/services/tax-report.service.ts(192,13): error TS2322: Type '{ farm_id: string; code: string; trans_type: "EXPENSE"; trans_date: Date; subtotal: number; tax_amount: number; discount_amount: number; total_amount: number; paid_amount: number; payment_status: "PAID"; payment_method: any; description: string; created_by: string | ... 1 more ... | undefined; items: { ...; }; }' is not assignable to type '(Without<TransactionCreateInput, TransactionUncheckedCreateInput> & TransactionUncheckedCreateInput) | (Without<...> & TransactionCreateInput)'.
  Type '{ farm_id: string; code: string; trans_type: "EXPENSE"; trans_date: Date; subtotal: number; tax_amount: number; discount_amount: number; total_amount: number; paid_amount: number; payment_status: "PAID"; payment_method: any; description: string; created_by: string | ... 1 more ... | undefined; items: { ...; }; }' is not assignable to type 'Without<TransactionCreateInput, TransactionUncheckedCreateInput> & TransactionUncheckedCreateInput'.
    Type '{ farm_id: string; code: string; trans_type: "EXPENSE"; trans_date: Date; subtotal: number; tax_amount: number; discount_amount: number; total_amount: number; paid_amount: number; payment_status: "PAID"; payment_method: any; description: string; created_by: string | ... 1 more ... | undefined; items: { ...; }; }' is missing the following properties from type 'TransactionUncheckedCreateInput': trans_number, amount
src/services/transaction.service.ts(265,17): error TS2322: Type '{ farm_id: string; code: string; trans_type: "EXPENSE" | "INCOME" | "CASH_IN" | "CASH_OUT" | "SALE" | "PURCHASE" | "TRANSFER"; trans_date: Date; partner_id: string | null; description: string | null; ... 9 more ...; items: { ...; }; }' is not assignable to type '(Without<TransactionCreateInput, TransactionUncheckedCreateInput> & TransactionUncheckedCreateInput) | (Without<...> & TransactionCreateInput)'.
  Type '{ farm_id: string; code: string; trans_type: "EXPENSE" | "INCOME" | "CASH_IN" | "CASH_OUT" | "SALE" | "PURCHASE" | "TRANSFER"; trans_date: Date; partner_id: string | null; description: string | null; ... 9 more ...; items: { ...; }; }' is not assignable to type 'Without<TransactionCreateInput, TransactionUncheckedCreateInput> & TransactionUncheckedCreateInput'.
    Type '{ farm_id: string; code: string; trans_type: "EXPENSE" | "INCOME" | "CASH_IN" | "CASH_OUT" | "SALE" | "PURCHASE" | "TRANSFER"; trans_date: Date; partner_id: string | null; description: string | null; ... 9 more ...; items: { ...; }; }' is missing the following properties from type 'TransactionUncheckedCreateInput': trans_number, amount
